[2026-09-16T15:02:13Z] === ENRICH ITERATION 1 START | repo=pexpect/pexpect sha=aa989594 ===
[2026-09-16T15:02:13Z] [iter=1] PHASE START: enrich repo=pexpect/pexpect sha=aa989594 runlog=/home/runner/work/forx/forx/storage/aggregate/lsp/logs/aa989594-enrich-iter-001.log output=/home/runner/work/forx/forx/storage/aggregate/lsp/aa989594e1e413f45c18b26ded1783f7d5990fe5.nq.gz
[2026-09-16T15:02:13Z] [iter=1] Step 1: Loading AST into disk-backed store mem_mb=78 MB
[2026-09-16T15:02:18Z] [iter=1] AST store loaded triples=483716 load_secs=5 mem_mb=763 MB
[2026-09-16T15:02:18Z] [iter=1] Step 2: Finding LSP targets mem_mb=763 MB
[2026-09-16T15:02:19Z] [iter=1] LSP targets found call_sites=4079 imports=0 extends=0 implements=0 secs=1
[2026-09-16T15:02:20Z] [iter=1] Step 2.7: Building position index (one-shot, shared across resolvers) mem_mb=763 MB
[2026-09-16T15:02:23Z] [iter=1] Position index built positions=32812 nodes_with_types=43008 secs=3 mem_mb=763 MB
[2026-09-16T15:02:23Z] [iter=1] Step 3: Starting LSP resolution mem_mb=763 MB already_completed_types=[] already_completed_files=0
[2026-09-16T15:02:23Z] [iter=1] Resolving target type target_type=call_site count=4079
[2026-09-16T15:03:10Z] [iter=1] HEARTBEAT target_type=call_site elapsed_min=1.0 files_done=1 resolved=120 errors=217 current=pexpect/spawnbase.py
[2026-09-16T15:03:45Z] [iter=1] HEARTBEAT target_type=call_site elapsed_min=1.5 files_done=5 resolved=259 errors=354 current=pexpect/screen.py
[2026-09-16T15:04:16Z] [iter=1] HEARTBEAT target_type=call_site elapsed_min=2.1 files_done=9 resolved=334 errors=511 current=examples/script.py
[2026-09-16T15:04:53Z] [iter=1] HEARTBEAT target_type=call_site elapsed_min=2.7 files_done=18 resolved=630 errors=688 current=tests/interact.py
[2026-09-16T15:05:24Z] [iter=1] HEARTBEAT target_type=call_site elapsed_min=3.2 files_done=22 resolved=768 errors=835 current=pexpect/pty_spawn.py
[2026-09-16T15:06:09Z] [iter=1] HEARTBEAT target_type=call_site elapsed_min=3.9 files_done=25 resolved=928 errors=1050 current=tests/test_pxssh.py
[2026-09-16T15:06:44Z] [iter=1] HEARTBEAT target_type=call_site elapsed_min=4.5 files_done=29 resolved=1118 errors=1219 current=examples/passmass.py
[2026-09-16T15:07:15Z] [iter=1] HEARTBEAT target_type=call_site elapsed_min=5.0 files_done=33 resolved=1236 errors=1369 current=pexpect/FSM.py
[2026-09-16T15:07:48Z] [iter=1] HEARTBEAT target_type=call_site elapsed_min=5.6 files_done=41 resolved=1355 errors=1529 current=pexpect/fdpexpect.py
[2026-09-16T15:08:20Z] [iter=1] HEARTBEAT target_type=call_site elapsed_min=6.1 files_done=50 resolved=1491 errors=1685 current=tests/test_interact.py
[2026-09-16T15:08:52Z] [iter=1] HEARTBEAT target_type=call_site elapsed_min=6.7 files_done=69 resolved=1735 errors=1832 current=tests/adhoc.py
[2026-09-16T15:09:12Z] [iter=1] Target type resolved target_type=call_site resolved=1900 errors=1901 secs=410 mem_mb=763 MB
[2026-09-16T15:09:16Z] [iter=1] Step 5: Writing final enrichment file triples=34891
[2026-09-16T15:09:17Z] [iter=1] Enrichment file written path=/home/runner/work/forx/forx/storage/aggregate/lsp/aa989594e1e413f45c18b26ded1783f7d5990fe5.nq.gz size_kb=666
[2026-09-16T15:09:17Z] [iter=1] PHASE END: enrich elapsed_s=424 elapsed_min=7.1 total_triples=34891
